http://i40.tinypic.com/15gxddz.png
https://img.youtube.com/vi/rtAtMCAb08Y/0.jpg
http://i54.tinypic.com/wtuctj.jpg
http://s4.postimage.org/8wkryx7d5/painful.png
http://i49.tinypic.com/2ymt6vn.png
http://i48.tinypic.com/2uf6hp5.jpg
http://public.tektek.org/img/emotes/unwilling.gif
http://localhostr.com/file/930/ZugbReECLJJf/liplicking.gif
http://img806.imageshack.us/img806/1139/36686200.png
http://img34.imageshack.us/img34/388/ex4.png
https://s29.postimg.org/4876yqiqv/minismore.png
https://s29.postimg.org/9l0mqlw13/minismoremore.png
http://www.auplod.com/u/ulpdao4e94f.png
http://puu.sh/l08rQ/1f43143d5a.png
hash: aDqqh
hash: d1cm3
http://www.demotivationalposters.org/image/demotivational-poster/small/0808/jesus-facepalm-facepalm-jesus-epic-demotivational-poster-1218659828.jpg
http://0-media-cdn.foolz.us/ffuuka/board/wsg/image/1359/18/1359181913754.gif
http://d24w6bsrhbeh9d.cloudfront.net/photo/aRQQ62y_460sa.gif
http://stream1.gifsoup.com/view/39238/cat-vs-copy-machine-o.gif
http://cdn.smosh.com/sites/default/files/ftpuploads/bloguploads/0713/funny-prank-gif-boxman-prank.gif
http://cdn.smosh.com/sites/default/files/ftpuploads/bloguploads/funny-you-tried-gymnastics-girl.gif
http://stream1.gifsoup.com/view1/1261892/wtf-panda-o.gif
http://cdn.smosh.com/sites/default/files/bloguploads/cartoon-network-gif-adventure-time-butt.gif
http://www.easyorganics.com.au/assets/images/cauliflower.jpg
http://cdn.smosh.com/sites/default/files/bloguploads/potter-gifs-gurl.gif
http://stream1.gifsoup.com/view/24670/funny-o.gif
http://stream1.gifsoup.com/view3/2274760/engie-dance-o.gif
https://wiki.everybodyedits.com/images/4/46/168_fishbowl.png
http://s14.postimg.org/5ewfsqc7l/boardroom_meeting_baltimore.png
http://s11.postimg.org/6s5id7ryn/anch_brick.png
http://s21.postimg.org/8zcyt0fon/eebrick.png
http://s11.postimg.org/68jkbqzeb/smas_brick.png
http://s15.postimg.org/wevzt22ob/super_mario_ds_brick.png
https://www.mariowiki.com/images/thumb/6/63/Brick_Block.png/120px-Brick_Block.png
http://i46.tinypic.com/2ia7kw2.png
http://i48.tinypic.com/2im12jm.png
https://cdn.discordapp.com/attachments/541971146996973568/574518003119554560/Screenshot_2019-05-05_at_10.47.30.png
https://upload.wikimedia.org/wikipedia/en/f/f1/Bulbasaur_pokemon_red.png
http://0.tqn.com/d/sanfrancisco/1/0/u/Z/-/-/nautilus.jpg
http://i49.tinypic.com/344837r.png
https://media.discordapp.net/attachments/541971146996973568/575948450483666955/unknown.png
https://puu.sh/wEjXM.png
https://media.discordapp.net/attachments/356378769960861697/576447636907753472/Whirl_Signature.png
https://puu.sh/wEjSC.png
https://puu.sh/wEjU4.png
http://puu.sh/gyT1G.jpg
http://i49.tinypic.com/jz8vgw.png
http://i47.tinypic.com/2cet3wh.png
http://www2.cstrois-lacs.qc.ca/chenebleu/informatique/images/Cote_Christian//panic_storm.png
http://www2.cstrois-lacs.qc.ca/chenebleu/informatique/images/Cote_Christian//panic_heat.png
http://www2.cstrois-lacs.qc.ca/chenebleu/informatique/images/Cote_Christian//panic_danger.png
http://www2.cstrois-lacs.qc.ca/chenebleu/informatique/images/Cote_Christian//haze.png
http://img42.imageshack.us/img42/1240/vyvo.png
http://image.noelshack.com/fichiers/2012/31/1344027817-win24.png
http://image.noelshack.com/fichiers/2012/31/1344027817-win24.png
hash: wCvR4ue
http://img526.imageshack.us/img526/8330/victorye.png
http://img708.imageshack.us/img708/9273/17400397.jpg
http://oi46.tinypic.com/2zodcpf.jpg
http://i47.tinypic.com/2u6eg0j.png
http://i49.tinypic.com/20kqa1e.jpg
http://i46.tinypic.com/ioj3gg.jpg
http://i45.tinypic.com/hrx4oz.jpg
http://i.imagebanana.com/img/3sjxnjoh/thumb/me.png
http://i35.tinypic.com/fu85k8.jpg
http://i35.tinypic.com/c8gmp.jpg
http://i33.tinypic.com/2aki7b7.jpg
https://img.youtube.com/vi/qjT1HIBV0do/0.jpg
https://img.youtube.com/vi/qjT1HIBV0do/0.jpg
http://files.showpath.net/2QII7UV-EY.png
hash: YAget
http://img40.imageshack.us/img40/3553/ee01.jpg
http://i49.tinypic.com/m73pjk.jpg
http://vvcap.net/db/p-lGnsFFu-hNpB2Q8gOm.png
http://www.freewebs.com/mondomullets/mulletman.jpg
http://i46.tinypic.com/14b80ut.png
http://i46.tinypic.com/1zey242.png
http://i49.tinypic.com/9vdw6p.png
http://img841.imageshack.us/img841/6938/9f86fbfa1ddb429aba18e44.png
http://img19.imageshack.us/img19/5413/jonesie1winillusionseri.png
http://s11.postimage.org/yc311pe37/amitsthing1.png
http://img401.imageshack.us/img401/5195/jonesiewinamitatsomomse.png
https://cdn.discordapp.com/attachments/410139576644927492/529438983235829775/unknown.png
http://i43.tinypic.com/2u6mscw.jpg
http://img190.imageshack.us/img190/2139/doublebigspender.png
https://forums.everybodyedits.com/img/avatars/467.png
http://s28.postimg.org/f9dh56e1p/image.png
http://i60.tinypic.com/r74o4k.png
http://www.eonline.com/eol_images/Entire_Site/201316/bruce_jenner.jpg
https://vignette.wikia.nocookie.net/minderiayoutuber/images/3/32/Madison_Lee_v2.png
http://i49.tinypic.com/2w71d6w.jpg
http://i49.tinypic.com/21m6h5z.png
http://img72.imageshack.us/img72/4720/62542052.png
http://s1.postimage.org/3zdva4n57/baticon_FS3_What_Are_They.png
http://i48.tinypic.com/332aq1f.png
http://s4.postimage.org/vzcisp899/Capture2.png
http://image.noelshack.com/fichiers/2013/07/1360756378-win69.png
http://wrzucaj.net/images/2013/02/13/Siwto.png
http://i47.tinypic.com/50qidc.png
http://i50.tinypic.com/111le84.png
http://i46.tinypic.com/micpaf.png
http://i45.tinypic.com/2q1rpmp.png
http://i48.tinypic.com/3469b2x.png
hash: vfRcXUK
https://media.discordapp.net/attachments/836417437138157651/990656189018824754/unknown.png
http://image.prntscr.com/image/f3a1a7aae1564c61b8be15e99ee49afd.png
https://media.discordapp.net/attachments/836417437138157651/990656189018824754/unknown.png
http://image.prntscr.com/image/0823c3fc17b542caba1effbba4646026.png
https://dl.dropbox.com/u/13946635/2011-06-27_2031.png
http://i48.tinypic.com/vno5kg.png
http://i50.tinypic.com/r0aur9.jpg
http://i46.tinypic.com/2wclaaw.jpg
http://img90.imageshack.us/img90/3285/challenge4completion.png
http://img829.imageshack.us/img829/2905/challenge1completion.png
http://img815.imageshack.us/img815/2905/challenge1completion.png
http://i50.tinypic.com/29emb2u.jpg
http://i46.tinypic.com/huh7np.png
hash: SFNIa
http://wiki-images.enotes.com/f/f5/Reptar.gif
http://img341.imageshack.us/img341/2558/screenshot00043.png
https://image.prntscr.com/image/c_60HGnrSbaQA_2D4CYHag.png
http://jawapa.com/img/4371358.png
http://i50.tinypic.com/168efkm.jpg
http://i47.tinypic.com/30wkqrq.png
http://puu.sh/aW0aF/9d1a4d5a75.png
http://img59.imageshack.us/img59/3383/sinttuloooe.png
https://pp.vk.me/c638528/v638528958/1294a/6xjDcYz4J-M.jpg
https://pp.userapi.com/c638528/v638528958/1294a/6xjDcYz4J-M.jpg
http://www.deviantart.com/download/189429994/excuse_me__sir____by_rockuraiworks-d34s54a.png
https://ii.yuki.la/c/b7/35fa6ee9efa7e42687d426ffeba72dbdb9a95cbfb7d221d698ca2146feebab7c.jpg
http://image.prntscr.com/image/0902930f9a5b483a8921a7ebb7c078dc.png
http://s16.postimg.org/j0kzhrp11/bizarro.png
http://www.ezthemes.com/previews/m/magicdt.jpg
http://image.prntscr.com/image/9d29e4536fad43308458b9404567cd80.png
http://www.sanuri.eu/wp-content/uploads/2014/04/Interesting-Ideas-Fruit-and-Vegetable-Art-25.jpg
hash: WvF8U
http://i55.tinypic.com/jb3hx3.jpg
https://gosha.eejesse.net/files/7487719.png
https://gosha.eejesse.net/files/6487681.png
http://memegenerator.net/cache/instances/400x/12/12746/13052165.jpg
http://memegenerator.net/cache/instances/400x/12/12787/13093985.jpg
http://memegenerator.net/cache/instances/400x/12/12742/13048668.jpg
http://memegenerator.net/cache/instances/400x/12/12787/13094427.jpg
http://memegenerator.net/cache/instances/400x/12/12786/13093696.jpg
http://memegenerator.net/cache/instances/400x/12/12746/13052295.jpg
http://memegenerator.net/cache/instances/400x/12/12787/13094504.jpg
http://memegenerator.net/cache/instances/400x/12/12787/13094285.jpg
http://memegenerator.net/cache/instances/400x/12/12787/13094868.jpg
http://memegenerator.net/cache/instances/400x/12/12788/13094995.jpg
http://memegenerator.net/cache/instances/400x/12/12787/13094682.jpg
http://memegenerator.net/cache/instances/400x/12/12788/13095041.jpg
http://memegenerator.net/cache/instances/400x/12/12787/13094700.jpg
http://memegenerator.net/cache/instances/400x/12/12810/13117470.jpg
http://memegenerator.net/cache/instances/400x/12/12787/13094830.jpg
http://img543.imageshack.us/img543/4894/bunnywithblocks.png
http://www.chinovalleyranchers.com/wp-content/uploads/bfi_thumb/Bacon-and-Eggs-33e2tqb6oznh3h0njcix34.jpg
http://i46.tinypic.com/33kbyh4.png
http://i51.tinypic.com/2qmgpvm.jpg
http://i53.tinypic.com/2v7tpi8.png
http://i53.tinypic.com/15rmmb4.png
http://i51.tinypic.com/2w594ex.jpg
http://blog.zalgryth.net/wp-content/uploads/2011/03/ee.png
http://i51.tinypic.com/2v9f7k1.jpg
http://i54.tinypic.com/2088eqe.jpg
http://img202.imageshack.us/img202/4020/troll40.png
http://img820.imageshack.us/img820/7290/troll41.png
http://img143.imageshack.us/img143/3771/troll42.png
http://i39.tinypic.com/ji2eq1.png
http://i.imm.io/15ger.png
http://i.imm.io/1695C.png
http://image.prntscr.com/image/292d846150a54bc9942c5877b6e3014f.png
hash: pbfFF
http://image.prntscr.com/image/3ee46b5d12e54f7a8547326963b5f23c.png
http://i49.tinypic.com/jua39s.jpg
http://i47.tinypic.com/bhdpx2.png
http://img11.imageshack.us/img11/2690/capture1dh.png
http://i48.tinypic.com/203v6g.jpg
http://i47.tinypic.com/a2vb7.jpg
http://img689.imageshack.us/img689/1725/snowychristmas.png
http://img14.imageshack.us/img14/8241/snowychristmas2.png
http://i50.tinypic.com/308jnle.png
https://gosha.eejesse.net/files/2944125.png
https://www.upload.ee/image/8571151/Capture.PNG
http://img03.imgland.net/iRJQwqG.png
http://why-so-butthurt.ru/peka/1299419631.png
http://img.imgland.net/vEDxBPj.png
http://img04.imgland.net/eMWZr-R.png
http://img04.imgland.net/ZTT_-bD.png
http://i54.tinypic.com/21mrmf6.png
hash: aOzcv78
http://img204.imageshack.us/img204/6189/weirdconcrete.png
http://img861.imageshack.us/img861/6116/merged10.png
http://img594.imageshack.us/img594/9523/stalkerk.png
http://img195.imageshack.us/img195/8967/challenge5pic.png
http://img580.imageshack.us/img580/3121/stalker1.png
http://img716.imageshack.us/img716/7641/merged4.png
http://img546.imageshack.us/img546/8839/5fff13d42ee54f1e904199a.png
http://img42.imageshack.us/img42/9650/571e7e530c9946f1ab96f79.png
http://img27.imageshack.us/img27/2884/3375ca4b13e34644bdee14d.png
http://i52.tinypic.com/24mxcsi.png
http://i51.tinypic.com/wves84.jpg
http://i53.tinypic.com/abpajb.jpg
http://gifyu.com/images/2016-11-06_17-52-08.gif
http://i50.tinypic.com/1pa2hx.png
http://www.todowow.com/wp-content/uploads/kael_thas_800x1.jpg
http://static.frysforum.com/at/20090727002827780196-0-epic-fail.jpg
http://files.sharenator.com/osama_Funny_Comics-s484x312-39961-580.png
http://www.eddsworld.co.uk/eddvault/comic/EWCOMIC0047.jpg
http://www.eddsworld.co.uk/eddvault/comic/EWCOMIC0160.png
http://www.eddsworld.co.uk/eddvault/comic/EWCOMIC0151.png
http://patrickianmoss.com/rdhw/comics/RDHW_SuperTooth.jpg
http://img440.imageshack.us/img440/5007/capture4zy.png
http://kansas-railroad-job-insurance.com/wp-content/uploads/2011/08/Far-Side-God-game-show.jpg
http://patrickianmoss.com/rdhw/comics/RDHW_Pacman.jpg
http://www.geting.se/image.php/309632-2011-06-17_1909.png
http://img268.imageshack.us/img268/6427/trollingb.jpg
http://img535.imageshack.us/img535/1897/troll3m.png
http://img135.imageshack.us/img135/5893/troll1x.png
http://img12.imageshack.us/img12/9553/troll2b.png
http://img833.imageshack.us/img833/1714/troll02d.jpg
http://img268.imageshack.us/img268/4652/troll7.png
http://img684.imageshack.us/img684/397/troll4j.png
http://img683.imageshack.us/img683/5928/troll03.jpg
http://img38.imageshack.us/img38/530/troll6.png
http://img684.imageshack.us/img684/9073/troll8.png
http://img21.imageshack.us/img21/1888/trollfight.jpg
http://img803.imageshack.us/img803/3945/troll9.png
http://img84.imageshack.us/img84/8632/troll04.jpg
http://img534.imageshack.us/img534/1486/troll5r.png
http://img35.imageshack.us/img35/4593/troll10.png
http://img26.imageshack.us/img26/267/playeverybodyeditswindo.jpg
http://img841.imageshack.us/img841/645/troll13.png
http://img819.imageshack.us/img819/1973/troll11.png
http://img809.imageshack.us/img809/7087/troll05.jpg
http://img692.imageshack.us/img692/686/troll15w.png
http://img200.imageshack.us/img200/8236/troll14.png
http://img843.imageshack.us/img843/5853/troll12.png
http://img16.imageshack.us/img16/9891/troll17.png
http://img231.imageshack.us/img231/2088/troll16.png
http://img52.imageshack.us/img52/9122/troll18.png
http://img32.imageshack.us/img32/3264/troll19.png
http://img15.imageshack.us/img15/2830/troll06.jpg
http://vvcap.net/db/RdW9w2GCLOq_9h2w3JLn.png
http://vvcap.net/db/3DhRlSKN8Pk7eXhAm9aY.png
http://vvcap.net/db/Z8eZCGFZ2CFykU6NGh-Q.png
http://vvcap.net/db/cJ-HwGqHc_BXvME_tr_k.png
http://vvcap.net/db/WhC-jP2QQrrzaj6JNgPk.png
http://vvcap.net/db/i7H6PYOhHT2bIFHPiopy.png
https://image.prntscr.com/image/9Fd5LW7zRGuz2YA6_iWZjg.png
http://img195.imageshack.us/img195/7108/ssscreencapture041.png
https://forums.everybodyedits.com/img/avatars/1911.png
http://forumify.com/ee/wiki/images/5/54/NY_smiley.png
http://puu.sh/8wcaA.png
http://img822.imageshack.us/img822/5521/img134g.jpg
http://oi42.tinypic.com/wmfjn.jpg
http://puu.sh/8wc0z.png
http://i43.tinypic.com/33p3ejl.jpg
http://i42.tinypic.com/33f4wlz.jpg
http://i41.tinypic.com/xdfcxj.jpg
http://i39.tinypic.com/311x460.jpg
http://i40.tinypic.com/33emv5u.jpg
http://i44.tinypic.com/15mxvs6.jpg
http://i43.tinypic.com/30nhftk.jpg
http://i42.tinypic.com/313irme.jpg
http://i44.tinypic.com/9858wh.jpg
http://i39.tinypic.com/2d2hhg8.jpg
http://images2.wikia.nocookie.net/__cb20110525062141/uncyclopedia/images/8/8a/You-must-be-new-here.jpg
http://puu.sh/o2VwU/9147ae67cd.png
https://img.youtube.com/vi/uyQydF9eP7o/0.jpg
http://puu.sh/o3aJd/cc10044971.png
http://s28.postimg.org/bhs5mmb31/worthlmao.png
http://puu.sh/o5K7F/8d5c0fb0a8.png
http://puu.sh/o5KJj/16d6348c1a.png
https://i.imgsafe.org/3fa93db.png
http://puu.sh/obf5P/815a336a83.png
http://image.prntscr.com/image/50333e9b29f34f709f0052ee87513a11.png
https://i.imgsafe.org/1201164.png
http://img33.imageshack.us/img33/9215/58159592.png
hash: eyEET
http://www.tshirtgalleries.com/wp-content/uploads/jesus-brb-tshirt.jpg
http://introvertgamer.files.wordpress.com/2008/10/gamergirls1.jpg
http://oi54.tinypic.com/2s99j87.jpg
http://oi51.tinypic.com/2hgtuo5.jpg
http://img.ragnabr-files.net/storage/box80/q41784ScreenShot013i4.jpg
http://i53.tinypic.com/2wce169.png
http://i52.tinypic.com/11udahi.png
http://i53.tinypic.com/23mrnue.png
http://i52.tinypic.com/wtdavk.png
http://i56.tinypic.com/fkadsm.gif
http://i53.tinypic.com/28s67i1.png
http://i51.tinypic.com/14w360n.gif
http://i56.tinypic.com/98syhi.png
http://i56.tinypic.com/a1sr2b.png
http://i51.tinypic.com/25855c8.png
http://i51.tinypic.com/34obkvc.png
http://i51.tinypic.com/2zqeeev.png
http://i56.tinypic.com/2n8r3w0.png
http://i52.tinypic.com/2lw29za.png
http://i53.tinypic.com/29tves.png
http://i52.tinypic.com/2qw1k08.png
http://i55.tinypic.com/k9jdb4.png
http://i56.tinypic.com/30lz4lg.png
http://puu.sh/3BE73.png
http://puu.sh/3PLJn.png
https://puu.sh/vadiF/0f893de82e.png
http://img833.imageshack.us/img833/5034/newitems.png
http://img801.imageshack.us/img801/9030/cloudsgo.png
http://s24.postimg.org/7157zr9ut/picture.png
http://vvcap.net/db/WIYfF-7kM1UEqcly7kOd.png
http://vvcap.net/db/Cb6FUfDptg8_GtUQNf1Q.png
http://img94.imageshack.us/img94/7135/whatter.png
http://oi39.tinypic.com/1i1kjr.jpg
http://i42.tinypic.com/11t9bic.jpg
http://puu.sh/2KgMe.jpg
http://i42.tinypic.com/i1i4qv.jpg
https://cdn.discordapp.com/attachments/446022168761860106/480539746205171713/pipex.png
https://cdn.discordapp.com/attachments/445771452248096771/480554146034876426/unknown.png
http://i40.tinypic.com/sy0e3a.jpg
http://puu.sh/2KQXI.png
http://oi43.tinypic.com/73jl8z.jpg
http://i46.tinypic.com/30upkbn.png
https://a6.sphotos.ak.fbcdn.net/hphotos-ak-snc6/181081_242053215910975_616731937_n.jpg
http://i.picresize.com/images/2015/03/29/u3szJ.jpg
http://s10.postimg.org/n5a5uk1rt/checkpoint.png
http://shrani.si/f/2e/Vu/vLTqH3S/untitled.png
http://s27.postimg.org/es1hnxhsj/crystal_caverns.jpg
http://s15.postimg.org/sb9n9fsgb/pizap_com14589537410701.jpg
http://s32.postimg.org/mbipkyk6t/pizap_com14618147809731.jpg
http://s11.postimg.org/vkzexhtlf/MG2p_MMV.png
http://i48.tinypic.com/28v4ryu.jpg
http://s30.postimg.org/v7bot0ldt/I_WIN.png
https://s16.postimg.org/cypuritk5/switch.png
http://img607.imageshack.us/img607/4600/dafuqa.png
https://img.youtube.com/vi/RFZrzg62Zj0/0.jpg
http://puu.sh/lrw65/5c7d852eec.png
http://s15.postimg.org/lk2713qd7/Capture1.png
http://img828.imageshack.us/img828/343/derpcv.png
http://i63.tinypic.com/25r19n6.jpg
http://i53.tinypic.com/2dukt4x.png
http://s18.postimg.org/lc5dd5y3t/lmaom1.png
hash: prmEt
http://img36.imageshack.us/img36/5344/deeplysorry.jpg
http://img833.imageshack.us/img833/1355/wwoowwoowowoww.jpg
http://i39.tinypic.com/en21k.png
http://i40.tinypic.com/9r3jx5.png
http://i43.tinypic.com/jj9vde.png
http://i41.tinypic.com/i6mp06.png
http://img215.imageshack.us/img215/6449/rhd.png
http://img692.imageshack.us/img692/5729/36534135.png
http://i40.tinypic.com/otmd6a.jpg
http://i50.tinypic.com/2zhmvxl.png
http://img41.imageshack.us/img41/1049/22927838.png
http://imageshack.us/a/img96/1410/timetravelling.png
http://img809.imageshack.us/img809/7570/48642749.png
http://puu.sh/lY4iM/c59f3a2bdd.png
http://img507.imageshack.us/img507/4465/16553778.png
http://img16.imageshack.us/img16/4540/tree2inee.png
https://media.discordapp.net/attachments/292180305387847681/346033868001902603/Screenshot_2017-08-12-23-52-18.jpeg
https://dl.dropbox.com/u/59086962/ForestTree/sry.png
http://img717.imageshack.us/img717/2550/whiteguy.th.png
http://img857.imageshack.us/img857/7874/lookingright.th.png
http://img864.imageshack.us/img864/386/hehehem.th.png
http://img3.imageshack.us/img3/7287/undercovera.th.png
http://img830.imageshack.us/img830/3771/roboth.th.png
http://img844.imageshack.us/img844/3029/messedm.th.png
http://img849.imageshack.us/img849/6493/mulitcolour.th.png
http://img69.imageshack.us/img69/4822/pumpkinl.th.png
http://img830.imageshack.us/img830/412/freedomn.th.png
http://img849.imageshack.us/img849/4683/angryv.th.png
http://img28.imageshack.us/img28/2736/lookingleft.th.png
http://img5.imageshack.us/img5/8686/blackman.th.png
http://img233.imageshack.us/img233/3455/assasinb.th.png
http://img696.imageshack.us/img696/3326/coldface.th.png
http://img221.imageshack.us/img221/3847/alienc.th.png
http://img714.imageshack.us/img714/9521/zombiej.th.png
http://img828.imageshack.us/img828/4459/nightvisiony.th.png
http://img804.imageshack.us/img804/6258/explorer.th.png
http://img815.imageshack.us/img815/8628/canadaday.th.png
http://img26.imageshack.us/img26/1884/vetrensmiley.th.png
http://img101.imageshack.us/img101/900/goldsuperman.th.png
http://img819.imageshack.us/img819/285/secondprisoner.th.png
http://img64.imageshack.us/img64/930/sadgirl.th.png
http://i45.tinypic.com/1zodmhi.jpg
http://i52.tinypic.com/2ezr0x4.png
http://image.prntscr.com/image/93eac354186045cfa1834ffb6378d18b.png
http://www.interload.co.il/upload/6607295.jpg
http://i40.tinypic.com/15gxddz.png
hash: d1cm3
http://i49.tinypic.com/20kqa1e.jpg
http://i33.tinypic.com/2aki7b7.jpg
http://i49.tinypic.com/9vdw6p.png
http://i49.tinypic.com/21m6h5z.png
http://i48.tinypic.com/332aq1f.png
http://i46.tinypic.com/micpaf.png
http://i48.tinypic.com/vno5kg.png
http://i46.tinypic.com/2wclaaw.jpg
http://i46.tinypic.com/huh7np.png
http://i47.tinypic.com/30wkqrq.png
hash: SFNIa
http://www.freewebs.com/mondomullets/mulletman.jpg
http://i46.tinypic.com/33kbyh4.png
http://i51.tinypic.com/2qmgpvm.jpg
http://i51.tinypic.com/2w594ex.jpg
http://i51.tinypic.com/2v9f7k1.jpg
http://i47.tinypic.com/bhdpx2.png
http://s11.postimage.org/yc311pe37/amitsthing1.png
http://s1.postimage.org/3zdva4n57/baticon_FS3_What_Are_They.png
http://i47.tinypic.com/a2vb7.jpg
http://i54.tinypic.com/21mrmf6.png
http://i41.tinypic.com/xdfcxj.jpg
http://i44.tinypic.com/15mxvs6.jpg
http://i44.tinypic.com/9858wh.jpg
http://oi54.tinypic.com/2s99j87.jpg
http://i53.tinypic.com/2wce169.png
http://i52.tinypic.com/wtdavk.png
http://i51.tinypic.com/14w360n.gif
http://i51.tinypic.com/25855c8.png
http://i56.tinypic.com/2n8r3w0.png
http://i52.tinypic.com/2qw1k08.png
http://i42.tinypic.com/11t9bic.jpg
http://i48.tinypic.com/28v4ryu.jpg
http://i53.tinypic.com/2dukt4x.png
http://i43.tinypic.com/jj9vde.png
http://i50.tinypic.com/2zhmvxl.png
http://www.ezthemes.com/previews/m/magicdt.jpg
http://i52.tinypic.com/2ezr0x4.png
http://www.eddsworld.co.uk/eddvault/comic/EWCOMIC0151.png
http://i40.tinypic.com/15gxddz.png
hash: d1cm3
http://i49.tinypic.com/20kqa1e.jpg
http://i33.tinypic.com/2aki7b7.jpg
http://i49.tinypic.com/9vdw6p.png
http://i49.tinypic.com/21m6h5z.png
http://i48.tinypic.com/332aq1f.png
http://i46.tinypic.com/micpaf.png
http://i48.tinypic.com/vno5kg.png
http://i46.tinypic.com/2wclaaw.jpg
http://i46.tinypic.com/huh7np.png
http://i47.tinypic.com/30wkqrq.png
hash: SFNIa
http://i46.tinypic.com/33kbyh4.png
http://i51.tinypic.com/2qmgpvm.jpg
http://i51.tinypic.com/2w594ex.jpg
http://i51.tinypic.com/2v9f7k1.jpg
http://s11.postimage.org/yc311pe37/amitsthing1.png
http://i47.tinypic.com/bhdpx2.png
http://www.freewebs.com/mondomullets/mulletman.jpg
http://s1.postimage.org/3zdva4n57/baticon_FS3_What_Are_They.png
http://i47.tinypic.com/a2vb7.jpg
http://i54.tinypic.com/21mrmf6.png
http://i41.tinypic.com/xdfcxj.jpg
http://i44.tinypic.com/15mxvs6.jpg
http://i44.tinypic.com/9858wh.jpg
http://oi54.tinypic.com/2s99j87.jpg
http://i53.tinypic.com/2wce169.png
http://i52.tinypic.com/wtdavk.png
http://i51.tinypic.com/14w360n.gif
http://i51.tinypic.com/25855c8.png
http://i56.tinypic.com/2n8r3w0.png
http://i52.tinypic.com/2qw1k08.png
http://i42.tinypic.com/11t9bic.jpg
http://i48.tinypic.com/28v4ryu.jpg
http://i53.tinypic.com/2dukt4x.png
http://i43.tinypic.com/jj9vde.png
http://i50.tinypic.com/2zhmvxl.png
http://www.ezthemes.com/previews/m/magicdt.jpg
http://i52.tinypic.com/2ezr0x4.png
http://www.eddsworld.co.uk/eddvault/comic/EWCOMIC0151.png
https://cdn.discordapp.com/attachments/501022532330323968/607899189958934529/unknown.png
http://i54.tinypic.com/2zqt2l5.png
http://i59.tinypic.com/t6czfq.png
